[    1514ms] [ERROR] The source list for the Content Security Policy directive 'connect-src' contains an invalid source: 'https://o*.ingest.sentry.io'. It will be ignored. @ https://agraas-platform.vercel.app/controladoria/notas:0
[43952394ms] [ERROR] Failed to load resource: net::ERR_NETWORK_IO_SUSPENDED @ https://ixuxawcgwhrrrnwendxr.supabase.co/auth/v1/token?grant_type=refresh_token:0
[43952395ms] [ERROR] TypeError: Failed to fetch
    at https://agraas-platform.vercel.app/_next/static/chunks/94b47173e86877ca.js:25:38928
    at tU (https://agraas-platform.vercel.app/_next/static/chunks/94b47173e86877ca.js:25:43868)
    at tN (https://agraas-platform.vercel.app/_next/static/chunks/94b47173e86877ca.js:25:43396)
    at r (https://agraas-platform.vercel.app/_next/static/chunks/94b47173e86877ca.js:38:25000)
    at https://agraas-platform.vercel.app/_next/static/chunks/94b47173e86877ca.js:38:25263
    at https://agraas-platform.vercel.app/_next/static/chunks/94b47173e86877ca.js:38:25340
    at new Promise (<anonymous>)
    at rc._refreshAccessToken (https://agraas-platform.vercel.app/_next/static/chunks/94b47173e86877ca.js:38:25194)
    at rc._callRefreshToken (https://agraas-platform.vercel.app/_next/static/chunks/94b47173e86877ca.js:38:27943)
    at rc.__loadSession (https://agraas-platform.vercel.app/_next/static/chunks/94b47173e86877ca.js:38:14186) @ https://agraas-platform.vercel.app/_next/static/chunks/94b47173e86877ca.js:24
[262023048ms] [ERROR] Failed to load resource: net::ERR_INTERNET_DISCONNECTED @ https://ixuxawcgwhrrrnwendxr.supabase.co/auth/v1/token?grant_type=refresh_token:0
[262023048ms] [ERROR] TypeError: Failed to fetch
    at https://agraas-platform.vercel.app/_next/static/chunks/94b47173e86877ca.js:25:38928
    at tU (https://agraas-platform.vercel.app/_next/static/chunks/94b47173e86877ca.js:25:43868)
    at tN (https://agraas-platform.vercel.app/_next/static/chunks/94b47173e86877ca.js:25:43396)
    at r (https://agraas-platform.vercel.app/_next/static/chunks/94b47173e86877ca.js:38:25000)
    at async https://agraas-platform.vercel.app/_next/static/chunks/94b47173e86877ca.js:38:25257 @ https://agraas-platform.vercel.app/_next/static/chunks/94b47173e86877ca.js:24
[262023071ms] [ERROR] Failed to load resource: net::ERR_INTERNET_DISCONNECTED @ https://ixuxawcgwhrrrnwendxr.supabase.co/auth/v1/token?grant_type=refresh_token:0
[262023071ms] [ERROR] TypeError: Failed to fetch
    at https://agraas-platform.vercel.app/_next/static/chunks/94b47173e86877ca.js:25:38928
    at tU (https://agraas-platform.vercel.app/_next/static/chunks/94b47173e86877ca.js:25:43868)
    at tN (https://agraas-platform.vercel.app/_next/static/chunks/94b47173e86877ca.js:25:43396)
    at r (https://agraas-platform.vercel.app/_next/static/chunks/94b47173e86877ca.js:38:25000)
    at https://agraas-platform.vercel.app/_next/static/chunks/94b47173e86877ca.js:38:25263
    at https://agraas-platform.vercel.app/_next/static/chunks/94b47173e86877ca.js:38:25340
    at new Promise (<anonymous>)
    at rc._refreshAccessToken (https://agraas-platform.vercel.app/_next/static/chunks/94b47173e86877ca.js:38:25194)
    at rc._callRefreshToken (https://agraas-platform.vercel.app/_next/static/chunks/94b47173e86877ca.js:38:27943)
    at rc.__loadSession (https://agraas-platform.vercel.app/_next/static/chunks/94b47173e86877ca.js:38:14186) @ https://agraas-platform.vercel.app/_next/static/chunks/94b47173e86877ca.js:24
[262023378ms] [ERROR] Failed to load resource: net::ERR_INTERNET_DISCONNECTED @ https://ixuxawcgwhrrrnwendxr.supabase.co/auth/v1/token?grant_type=refresh_token:0
[262023378ms] [ERROR] TypeError: Failed to fetch
    at https://agraas-platform.vercel.app/_next/static/chunks/94b47173e86877ca.js:25:38928
    at tU (https://agraas-platform.vercel.app/_next/static/chunks/94b47173e86877ca.js:25:43868)
    at tN (https://agraas-platform.vercel.app/_next/static/chunks/94b47173e86877ca.js:25:43396)
    at r (https://agraas-platform.vercel.app/_next/static/chunks/94b47173e86877ca.js:38:25000)
    at async https://agraas-platform.vercel.app/_next/static/chunks/94b47173e86877ca.js:38:25257 @ https://agraas-platform.vercel.app/_next/static/chunks/94b47173e86877ca.js:24
